I'm sorry, but errors were detected in your script. Please correct the
errors listed below, and try again.


File "game/script.rpy", line 24: expected statement.
    alex shocked = "images/alex_shocked.png"
                 ^

File "game/script.rpy", line 25: expected statement.
    alex relieved = "images/alex_relieved.png"
                  ^

Ren'Py Version: Ren'Py 8.2.1.24030407
Fri Jun 14 01:53:42 2024
